// Jest Snapshot v1, https://goo.gl/fbAQLP

exports[`renders Image Gallery component correctly 1`] = `
<div
  className="row justify-content-around"
>
  <div
    className="col-md-2"
  >
    <button
      className="p_up"
      onClick={[Function]}
    >
      <i
        className="fas fa-chevron-up"
      />
    </button>
    <img
      className="p_s_img_highlight"
      onClick={[Function]}
      src="https://images.unsplash.com/photo-1501088430049-71c79fa3283e?ixlib=rb-1.2.1&ixid=eyJhcHBfaWQiOjEyMDd9&auto=format&fit=crop&w=300&q=80"
    />
    <button
      className="p_down"
      onClick={[Function]}
    >
      <i
        className="fas fa-chevron-down"
      />
    </button>
  </div>
  <div
    className="col-md-9"
  >
    <div>
      <img
        alt="Forest Green & Black"
        className="p_pic"
        src="https://images.unsplash.com/photo-1501088430049-71c79fa3283e?ixlib=rb-1.2.1&ixid=eyJhcHBfaWQiOjEyMDd9&auto=format&fit=crop&w=668&q=80"
      />
    </div>
  </div>
</div>
`;
