// Jest Snapshot v1, https://goo.gl/fbAQLP

exports[`renders share component correctly 1`] = `
<div>
  <a
    className="p_share_icon"
    href="https://www.facebook.com/"
  >
    <i
      className="fab fa-facebook-square fa-lg"
    />
  </a>
  <a
    className="p_share_icon"
    href="https://twitter.com/home"
  >
    <i
      className="fab fa-twitter-square fa-lg"
    />
  </a>
  <a
    className="p_share_icon"
    href="https://www.pinterest.com/"
  >
    <i
      className="fab fa-pinterest-square fa-lg"
    />
  </a>
</div>
`;
