// Jest Snapshot v1, https://goo.gl/fbAQLP

exports[`renders StarRating component correctly 1`] = `<div />`;
