// Jest Snapshot v1, https://goo.gl/fbAQLP

exports[`Load More Questions Button component Should render correctly 1`] = `null`;

exports[`Render Questions and Answers component correctly 1`] = `
<div
  className="questions-answers"
>
  <div
    className="questions_widget"
  >
    <div
      className="questions_list container"
    >
      <h5
        className="questions_widget_header"
      >
        QUESTIONS & ANSWERS
      </h5>
      <div
        className="row"
        id="q_list_search"
      >
        <form
          className=""
        >
          <input
            className="form-control"
            id="q_searchinput"
            onChange={[Function]}
            placeholder="ï€‚ HAVING A QUESTION? SEARCH FOR ANSWERS..."
            type="text"
            value=""
          />
        </form>
      </div>
      <div
        className="row"
        id="q_list_addQuestion"
      >
        <div
          id="add_question_button"
        >
          <label
            className="mb-3"
          >
            Don't see the question you're looking for?
          </label>
           
          <button
            className="question_add btn btn-outline-secondary"
            disabled={false}
            onClick={[Function]}
            type="button"
          >
            ADD A QUESTION +
          </button>
        </div>
      </div>
    </div>
  </div>
</div>
`;
