// Jest Snapshot v1, https://goo.gl/fbAQLP

exports[`Product Card renders Product Card component correctly 1`] = `
<div
  className="card"
  onClick={[Function]}
  style={
    Object {
      "width": "18rem",
    }
  }
>
  <img
    className="card-img-top"
    src=""
    style={
      Object {
        "height": "300px",
        "maxWidth": "100%",
        "overflow": "hidden",
      }
    }
  />
  <div
    onClick={[Function]}
  >
    <span
      className="actionButton"
      onClick={[Function]}
    >
      <i
        className="far fa-times-circle"
      />
    </span>
  </div>
  <div
    className="card-body"
    style={
      Object {
        "textAlign": "left",
        "whiteSpace": "normal",
      }
    }
  >
    <p
      className="card-text"
      style={
        Object {
          "marginBottom": 0,
        }
      }
    >
      ACCESSORIES
    </p>
    <div
      className="card-title h5"
    >
      Bright Future Sunglasses - You've got to wear shades
    </div>
    <p
      className="card-text"
      style={
        Object {
          "marginBottom": 0,
        }
      }
    >
      $
      69.00
    </p>
    <p
      className="card-text"
      style={
        Object {
          "marginBottom": 0,
        }
      }
    >
      <span
        style={
          Object {
            "direction": "ltr",
            "display": "inline-block",
            "touchAction": "none",
          }
        }
      >
        <span
          aria-hidden="true"
          className="react-simple-star-rating"
          style={
            Object {
              "cursor": "",
              "display": "inline-block",
              "overflow": "hidden",
              "position": "relative",
              "userSelect": "none",
              "verticalAlign": "middle",
              "whiteSpace": "nowrap",
            }
          }
        >
          <span
            className="empty-icons"
            style={
              Object {
                "color": "#cccccc",
                "display": "inline-block",
              }
            }
          >
            <svg
              className="star-svg"
              fill="currentColor"
              height={20}
              style={Object {}}
              viewBox="0 0 24 24"
              width={20}
            >
              <path
                d="M12,17.27L18.18,21l-1.64-7.03L22,9.24l-7.19-0.61L12,2L9.19,8.63L2,9.24l5.46,4.73L5.82,21L12,17.27z"
                fill="currentColor"
                stroke="none"
                strokeMiterlimit="10"
                strokeWidth={0}
              />
            </svg>
            <svg
              className="star-svg"
              fill="currentColor"
              height={20}
              style={Object {}}
              viewBox="0 0 24 24"
              width={20}
            >
              <path
                d="M12,17.27L18.18,21l-1.64-7.03L22,9.24l-7.19-0.61L12,2L9.19,8.63L2,9.24l5.46,4.73L5.82,21L12,17.27z"
                fill="currentColor"
                stroke="none"
                strokeMiterlimit="10"
                strokeWidth={0}
              />
            </svg>
            <svg
              className="star-svg"
              fill="currentColor"
              height={20}
              style={Object {}}
              viewBox="0 0 24 24"
              width={20}
            >
              <path
                d="M12,17.27L18.18,21l-1.64-7.03L22,9.24l-7.19-0.61L12,2L9.19,8.63L2,9.24l5.46,4.73L5.82,21L12,17.27z"
                fill="currentColor"
                stroke="none"
                strokeMiterlimit="10"
                strokeWidth={0}
              />
            </svg>
            <svg
              className="star-svg"
              fill="currentColor"
              height={20}
              style={Object {}}
              viewBox="0 0 24 24"
              width={20}
            >
              <path
                d="M12,17.27L18.18,21l-1.64-7.03L22,9.24l-7.19-0.61L12,2L9.19,8.63L2,9.24l5.46,4.73L5.82,21L12,17.27z"
                fill="currentColor"
                stroke="none"
                strokeMiterlimit="10"
                strokeWidth={0}
              />
            </svg>
            <svg
              className="star-svg"
              fill="currentColor"
              height={20}
              style={Object {}}
              viewBox="0 0 24 24"
              width={20}
            >
              <path
                d="M12,17.27L18.18,21l-1.64-7.03L22,9.24l-7.19-0.61L12,2L9.19,8.63L2,9.24l5.46,4.73L5.82,21L12,17.27z"
                fill="currentColor"
                stroke="none"
                strokeMiterlimit="10"
                strokeWidth={0}
              />
            </svg>
          </span>
          <span
            className="filled-icons"
            style={
              Object {
                "color": "#ffbc0b",
                "display": "inline-block",
                "left": 0,
                "overflow": "hidden",
                "position": "absolute",
                "top": 0,
                "transition": "",
                "whiteSpace": "nowrap",
                "width": "0%",
              }
            }
            title="0 out of 5"
          >
            <svg
              className="star-svg"
              fill="currentColor"
              height={20}
              style={Object {}}
              viewBox="0 0 24 24"
              width={20}
            >
              <path
                d="M12,17.27L18.18,21l-1.64-7.03L22,9.24l-7.19-0.61L12,2L9.19,8.63L2,9.24l5.46,4.73L5.82,21L12,17.27z"
                fill="currentColor"
                stroke="none"
                strokeMiterlimit="10"
                strokeWidth={0}
              />
            </svg>
            <svg
              className="star-svg"
              fill="currentColor"
              height={20}
              style={Object {}}
              viewBox="0 0 24 24"
              width={20}
            >
              <path
                d="M12,17.27L18.18,21l-1.64-7.03L22,9.24l-7.19-0.61L12,2L9.19,8.63L2,9.24l5.46,4.73L5.82,21L12,17.27z"
                fill="currentColor"
                stroke="none"
                strokeMiterlimit="10"
                strokeWidth={0}
              />
            </svg>
            <svg
              className="star-svg"
              fill="currentColor"
              height={20}
              style={Object {}}
              viewBox="0 0 24 24"
              width={20}
            >
              <path
                d="M12,17.27L18.18,21l-1.64-7.03L22,9.24l-7.19-0.61L12,2L9.19,8.63L2,9.24l5.46,4.73L5.82,21L12,17.27z"
                fill="currentColor"
                stroke="none"
                strokeMiterlimit="10"
                strokeWidth={0}
              />
            </svg>
            <svg
              className="star-svg"
              fill="currentColor"
              height={20}
              style={Object {}}
              viewBox="0 0 24 24"
              width={20}
            >
              <path
                d="M12,17.27L18.18,21l-1.64-7.03L22,9.24l-7.19-0.61L12,2L9.19,8.63L2,9.24l5.46,4.73L5.82,21L12,17.27z"
                fill="currentColor"
                stroke="none"
                strokeMiterlimit="10"
                strokeWidth={0}
              />
            </svg>
            <svg
              className="star-svg"
              fill="currentColor"
              height={20}
              style={Object {}}
              viewBox="0 0 24 24"
              width={20}
            >
              <path
                d="M12,17.27L18.18,21l-1.64-7.03L22,9.24l-7.19-0.61L12,2L9.19,8.63L2,9.24l5.46,4.73L5.82,21L12,17.27z"
                fill="currentColor"
                stroke="none"
                strokeMiterlimit="10"
                strokeWidth={0}
              />
            </svg>
          </span>
        </span>
      </span>
    </p>
  </div>
</div>
`;

exports[`Should correctly render the reviewBody 1`] = `undefined`;

exports[`renders Product Card component correctly 1`] = `
<div
  className="card"
  onClick={[Function]}
  style={
    Object {
      "width": "18rem",
    }
  }
>
  <img
    className="card-img-top"
    src=""
    style={
      Object {
        "height": "300px",
        "maxWidth": "100%",
        "overflow": "hidden",
      }
    }
  />
  <div
    onClick={[Function]}
  >
    <span
      className="actionButton"
      onClick={[Function]}
    >
      <i
        className="far fa-times-circle"
      />
    </span>
  </div>
  <div
    className="card-body"
    style={
      Object {
        "textAlign": "left",
        "whiteSpace": "normal",
      }
    }
  >
    <p
      className="card-text"
      style={
        Object {
          "marginBottom": 0,
        }
      }
    >
      ACCESSORIES
    </p>
    <div
      className="card-title h5"
    >
      Bright Future Sunglasses - You've got to wear shades
    </div>
    <p
      className="card-text"
      style={
        Object {
          "marginBottom": 0,
        }
      }
    >
      $
      69.00
    </p>
    <p
      className="card-text"
      style={
        Object {
          "marginBottom": 0,
        }
      }
    >
      <span
        style={
          Object {
            "direction": "ltr",
            "display": "inline-block",
            "touchAction": "none",
          }
        }
      >
        <span
          aria-hidden="true"
          className="react-simple-star-rating"
          style={
            Object {
              "cursor": "",
              "display": "inline-block",
              "overflow": "hidden",
              "position": "relative",
              "userSelect": "none",
              "verticalAlign": "middle",
              "whiteSpace": "nowrap",
            }
          }
        >
          <span
            className="empty-icons"
            style={
              Object {
                "color": "#cccccc",
                "display": "inline-block",
              }
            }
          >
            <svg
              className="star-svg"
              fill="currentColor"
              height={20}
              style={Object {}}
              viewBox="0 0 24 24"
              width={20}
            >
              <path
                d="M12,17.27L18.18,21l-1.64-7.03L22,9.24l-7.19-0.61L12,2L9.19,8.63L2,9.24l5.46,4.73L5.82,21L12,17.27z"
                fill="currentColor"
                stroke="none"
                strokeMiterlimit="10"
                strokeWidth={0}
              />
            </svg>
            <svg
              className="star-svg"
              fill="currentColor"
              height={20}
              style={Object {}}
              viewBox="0 0 24 24"
              width={20}
            >
              <path
                d="M12,17.27L18.18,21l-1.64-7.03L22,9.24l-7.19-0.61L12,2L9.19,8.63L2,9.24l5.46,4.73L5.82,21L12,17.27z"
                fill="currentColor"
                stroke="none"
                strokeMiterlimit="10"
                strokeWidth={0}
              />
            </svg>
            <svg
              className="star-svg"
              fill="currentColor"
              height={20}
              style={Object {}}
              viewBox="0 0 24 24"
              width={20}
            >
              <path
                d="M12,17.27L18.18,21l-1.64-7.03L22,9.24l-7.19-0.61L12,2L9.19,8.63L2,9.24l5.46,4.73L5.82,21L12,17.27z"
                fill="currentColor"
                stroke="none"
                strokeMiterlimit="10"
                strokeWidth={0}
              />
            </svg>
            <svg
              className="star-svg"
              fill="currentColor"
              height={20}
              style={Object {}}
              viewBox="0 0 24 24"
              width={20}
            >
              <path
                d="M12,17.27L18.18,21l-1.64-7.03L22,9.24l-7.19-0.61L12,2L9.19,8.63L2,9.24l5.46,4.73L5.82,21L12,17.27z"
                fill="currentColor"
                stroke="none"
                strokeMiterlimit="10"
                strokeWidth={0}
              />
            </svg>
            <svg
              className="star-svg"
              fill="currentColor"
              height={20}
              style={Object {}}
              viewBox="0 0 24 24"
              width={20}
            >
              <path
                d="M12,17.27L18.18,21l-1.64-7.03L22,9.24l-7.19-0.61L12,2L9.19,8.63L2,9.24l5.46,4.73L5.82,21L12,17.27z"
                fill="currentColor"
                stroke="none"
                strokeMiterlimit="10"
                strokeWidth={0}
              />
            </svg>
          </span>
          <span
            className="filled-icons"
            style={
              Object {
                "color": "#ffbc0b",
                "display": "inline-block",
                "left": 0,
                "overflow": "hidden",
                "position": "absolute",
                "top": 0,
                "transition": "",
                "whiteSpace": "nowrap",
                "width": "0%",
              }
            }
            title="0 out of 5"
          >
            <svg
              className="star-svg"
              fill="currentColor"
              height={20}
              style={Object {}}
              viewBox="0 0 24 24"
              width={20}
            >
              <path
                d="M12,17.27L18.18,21l-1.64-7.03L22,9.24l-7.19-0.61L12,2L9.19,8.63L2,9.24l5.46,4.73L5.82,21L12,17.27z"
                fill="currentColor"
                stroke="none"
                strokeMiterlimit="10"
                strokeWidth={0}
              />
            </svg>
            <svg
              className="star-svg"
              fill="currentColor"
              height={20}
              style={Object {}}
              viewBox="0 0 24 24"
              width={20}
            >
              <path
                d="M12,17.27L18.18,21l-1.64-7.03L22,9.24l-7.19-0.61L12,2L9.19,8.63L2,9.24l5.46,4.73L5.82,21L12,17.27z"
                fill="currentColor"
                stroke="none"
                strokeMiterlimit="10"
                strokeWidth={0}
              />
            </svg>
            <svg
              className="star-svg"
              fill="currentColor"
              height={20}
              style={Object {}}
              viewBox="0 0 24 24"
              width={20}
            >
              <path
                d="M12,17.27L18.18,21l-1.64-7.03L22,9.24l-7.19-0.61L12,2L9.19,8.63L2,9.24l5.46,4.73L5.82,21L12,17.27z"
                fill="currentColor"
                stroke="none"
                strokeMiterlimit="10"
                strokeWidth={0}
              />
            </svg>
            <svg
              className="star-svg"
              fill="currentColor"
              height={20}
              style={Object {}}
              viewBox="0 0 24 24"
              width={20}
            >
              <path
                d="M12,17.27L18.18,21l-1.64-7.03L22,9.24l-7.19-0.61L12,2L9.19,8.63L2,9.24l5.46,4.73L5.82,21L12,17.27z"
                fill="currentColor"
                stroke="none"
                strokeMiterlimit="10"
                strokeWidth={0}
              />
            </svg>
            <svg
              className="star-svg"
              fill="currentColor"
              height={20}
              style={Object {}}
              viewBox="0 0 24 24"
              width={20}
            >
              <path
                d="M12,17.27L18.18,21l-1.64-7.03L22,9.24l-7.19-0.61L12,2L9.19,8.63L2,9.24l5.46,4.73L5.82,21L12,17.27z"
                fill="currentColor"
                stroke="none"
                strokeMiterlimit="10"
                strokeWidth={0}
              />
            </svg>
          </span>
        </span>
      </span>
    </p>
  </div>
</div>
`;
