// Jest Snapshot v1, https://goo.gl/fbAQLP

exports[`<ReviewBody /> Should correctly render the reviewBody 1`] = `undefined`;
